06-Aug-2026 12:18:28.658 INFO [main] org.apache.catalina.startup.VersionLoggerListener.log Server version name:   Apache Tomcat/10.1.57
06-Aug-2026 12:18:28.663 INFO [main] org.apache.catalina.startup.VersionLoggerListener.log Server built:          Jul 3 2026 13:06:05 UTC
06-Aug-2026 12:18:28.663 INFO [main] org.apache.catalina.startup.VersionLoggerListener.log Server version number: 10.1.57.0
06-Aug-2026 12:18:28.663 INFO [main] org.apache.catalina.startup.VersionLoggerListener.log OS Name:               Linux
06-Aug-2026 12:18:28.663 INFO [main] org.apache.catalina.startup.VersionLoggerListener.log OS Version:            7.0.0-28-generic
06-Aug-2026 12:18:28.663 INFO [main] org.apache.catalina.startup.VersionLoggerListener.log Architecture:          amd64
06-Aug-2026 12:18:28.663 INFO [main] org.apache.catalina.startup.VersionLoggerListener.log Java Home:             /usr/lib/jvm/java-21-openjdk-amd64
06-Aug-2026 12:18:28.663 INFO [main] org.apache.catalina.startup.VersionLoggerListener.log JVM Version:           21.0.11+10-1-24.04.2-Ubuntu
06-Aug-2026 12:18:28.664 INFO [main] org.apache.catalina.startup.VersionLoggerListener.log JVM Vendor:            Ubuntu
06-Aug-2026 12:18:28.664 INFO [main] org.apache.catalina.startup.VersionLoggerListener.log CATALINA_BASE:         /home/bhlp0149/moodle_learning/tomcat-standalone/apache-tomcat-10.1.57
06-Aug-2026 12:18:28.664 INFO [main] org.apache.catalina.startup.VersionLoggerListener.log CATALINA_HOME:         /home/bhlp0149/moodle_learning/tomcat-standalone/apache-tomcat-10.1.57
06-Aug-2026 12:18:28.674 INFO [main] org.apache.catalina.startup.VersionLoggerListener.log Command line argument: -Djava.util.logging.config.file=/home/bhlp0149/moodle_learning/tomcat-standalone/apache-tomcat-10.1.57/conf/logging.properties
06-Aug-2026 12:18:28.674 INFO [main] org.apache.catalina.startup.VersionLoggerListener.log Command line argument: -Djava.util.logging.manager=org.apache.juli.ClassLoaderLogManager
06-Aug-2026 12:18:28.674 INFO [main] org.apache.catalina.startup.VersionLoggerListener.log Command line argument: -Djdk.tls.ephemeralDHKeySize=2048
06-Aug-2026 12:18:28.674 INFO [main] org.apache.catalina.startup.VersionLoggerListener.log Command line argument: -Djava.protocol.handler.pkgs=org.apache.catalina.webresources
06-Aug-2026 12:18:28.674 INFO [main] org.apache.catalina.startup.VersionLoggerListener.log Command line argument: -Dsun.io.useCanonCaches=false
06-Aug-2026 12:18:28.674 INFO [main] org.apache.catalina.startup.VersionLoggerListener.log Command line argument: -Dorg.apache.catalina.security.SecurityListener.UMASK=0027
06-Aug-2026 12:18:28.674 INFO [main] org.apache.catalina.startup.VersionLoggerListener.log Command line argument: --add-opens=java.base/java.lang=ALL-UNNAMED
06-Aug-2026 12:18:28.674 INFO [main] org.apache.catalina.startup.VersionLoggerListener.log Command line argument: --add-opens=java.base/java.lang.reflect=ALL-UNNAMED
06-Aug-2026 12:18:28.674 INFO [main] org.apache.catalina.startup.VersionLoggerListener.log Command line argument: --add-opens=java.base/java.io=ALL-UNNAMED
06-Aug-2026 12:18:28.675 INFO [main] org.apache.catalina.startup.VersionLoggerListener.log Command line argument: --add-opens=java.base/java.util=ALL-UNNAMED
06-Aug-2026 12:18:28.675 INFO [main] org.apache.catalina.startup.VersionLoggerListener.log Command line argument: --add-opens=java.base/java.util.concurrent=ALL-UNNAMED
06-Aug-2026 12:18:28.675 INFO [main] org.apache.catalina.startup.VersionLoggerListener.log Command line argument: --add-opens=java.rmi/sun.rmi.transport=ALL-UNNAMED
06-Aug-2026 12:18:28.675 INFO [main] org.apache.catalina.startup.VersionLoggerListener.log Command line argument: -Dcatalina.base=/home/bhlp0149/moodle_learning/tomcat-standalone/apache-tomcat-10.1.57
06-Aug-2026 12:18:28.675 INFO [main] org.apache.catalina.startup.VersionLoggerListener.log Command line argument: -Dcatalina.home=/home/bhlp0149/moodle_learning/tomcat-standalone/apache-tomcat-10.1.57
06-Aug-2026 12:18:28.675 INFO [main] org.apache.catalina.startup.VersionLoggerListener.log Command line argument: -Djava.io.tmpdir=/home/bhlp0149/moodle_learning/tomcat-standalone/apache-tomcat-10.1.57/temp
06-Aug-2026 12:18:28.677 INFO [main] org.apache.catalina.core.AprLifecycleListener.lifecycleEvent The Apache Tomcat Native library which allows using OpenSSL was not found on the java.library.path: [/usr/java/packages/lib:/usr/lib/x86_64-linux-gnu/jni:/lib/x86_64-linux-gnu:/usr/lib/x86_64-linux-gnu:/usr/lib/jni:/lib:/usr/lib]
06-Aug-2026 12:18:28.914 INFO [main] org.apache.coyote.AbstractProtocol.init Initializing ProtocolHandler ["http-nio-8081"]
06-Aug-2026 12:18:28.931 INFO [main] org.apache.catalina.startup.Catalina.load Server initialization in [423] milliseconds
06-Aug-2026 12:18:28.987 INFO [main] org.apache.catalina.core.StandardService.startInternal Starting service [Catalina]
06-Aug-2026 12:18:28.988 INFO [main] org.apache.catalina.core.StandardEngine.startInternal Starting Servlet engine: [Apache Tomcat/10.1.57]
06-Aug-2026 12:18:29.007 INFO [main] org.apache.catalina.startup.HostConfig.deployWAR Deploying web application archive [/home/bhlp0149/moodle_learning/tomcat-standalone/apache-tomcat-10.1.57/webapps/servlet-assignment.war]
06-Aug-2026 12:18:29.239 INFO [main] org.apache.catalina.startup.HostConfig.deployWAR Deployment of web application archive [/home/bhlp0149/moodle_learning/tomcat-standalone/apache-tomcat-10.1.57/webapps/servlet-assignment.war] has finished in [232] ms
06-Aug-2026 12:18:29.240 INFO [main] org.apache.catalina.startup.HostConfig.deployDirectory Deploying web application directory [/home/bhlp0149/moodle_learning/tomcat-standalone/apache-tomcat-10.1.57/webapps/ROOT]
06-Aug-2026 12:18:29.254 INFO [main] org.apache.catalina.startup.HostConfig.deployDirectory Deployment of web application directory [/home/bhlp0149/moodle_learning/tomcat-standalone/apache-tomcat-10.1.57/webapps/ROOT] has finished in [14] ms
06-Aug-2026 12:18:29.254 INFO [main] org.apache.catalina.startup.HostConfig.deployDirectory Deploying web application directory [/home/bhlp0149/moodle_learning/tomcat-standalone/apache-tomcat-10.1.57/webapps/docs]
06-Aug-2026 12:18:29.271 INFO [main] org.apache.catalina.startup.HostConfig.deployDirectory Deployment of web application directory [/home/bhlp0149/moodle_learning/tomcat-standalone/apache-tomcat-10.1.57/webapps/docs] has finished in [17] ms
06-Aug-2026 12:18:29.271 INFO [main] org.apache.catalina.startup.HostConfig.deployDirectory Deploying web application directory [/home/bhlp0149/moodle_learning/tomcat-standalone/apache-tomcat-10.1.57/webapps/examples]
06-Aug-2026 12:18:29.413 INFO [main] org.apache.catalina.startup.HostConfig.deployDirectory Deployment of web application directory [/home/bhlp0149/moodle_learning/tomcat-standalone/apache-tomcat-10.1.57/webapps/examples] has finished in [142] ms
06-Aug-2026 12:18:29.414 INFO [main] org.apache.catalina.startup.HostConfig.deployDirectory Deploying web application directory [/home/bhlp0149/moodle_learning/tomcat-standalone/apache-tomcat-10.1.57/webapps/host-manager]
06-Aug-2026 12:18:29.431 INFO [main] org.apache.catalina.startup.HostConfig.deployDirectory Deployment of web application directory [/home/bhlp0149/moodle_learning/tomcat-standalone/apache-tomcat-10.1.57/webapps/host-manager] has finished in [17] ms
06-Aug-2026 12:18:29.432 INFO [main] org.apache.catalina.startup.HostConfig.deployDirectory Deploying web application directory [/home/bhlp0149/moodle_learning/tomcat-standalone/apache-tomcat-10.1.57/webapps/manager]
06-Aug-2026 12:18:29.448 INFO [main] org.apache.catalina.startup.HostConfig.deployDirectory Deployment of web application directory [/home/bhlp0149/moodle_learning/tomcat-standalone/apache-tomcat-10.1.57/webapps/manager] has finished in [16] ms
06-Aug-2026 12:18:29.452 INFO [main] org.apache.coyote.AbstractProtocol.start Starting ProtocolHandler ["http-nio-8081"]
06-Aug-2026 12:18:29.461 INFO [main] org.apache.catalina.startup.Catalina.start Server startup in [528] milliseconds
06-Aug-2026 12:20:19.469 INFO [Catalina-utility-2] org.apache.catalina.startup.HostConfig.undeploy Undeploying context [/servlet-assignment]
06-Aug-2026 12:20:19.480 INFO [Catalina-utility-2] org.apache.catalina.startup.HostConfig.deployWAR Deploying web application archive [/home/bhlp0149/moodle_learning/tomcat-standalone/apache-tomcat-10.1.57/webapps/servlet-assignment.war]
06-Aug-2026 12:20:19.498 INFO [Catalina-utility-2] org.apache.catalina.startup.HostConfig.deployWAR Deployment of web application archive [/home/bhlp0149/moodle_learning/tomcat-standalone/apache-tomcat-10.1.57/webapps/servlet-assignment.war] has finished in [17] ms
06-Aug-2026 12:29:59.582 INFO [Catalina-utility-1] org.apache.catalina.startup.HostConfig.deployWAR Deploying web application archive [/home/bhlp0149/moodle_learning/tomcat-standalone/apache-tomcat-10.1.57/webapps/mathstuff.war]
06-Aug-2026 12:29:59.599 INFO [Catalina-utility-1] org.apache.catalina.startup.HostConfig.deployWAR Deployment of web application archive [/home/bhlp0149/moodle_learning/tomcat-standalone/apache-tomcat-10.1.57/webapps/mathstuff.war] has finished in [16] ms
06-Aug-2026 12:29:59.599 INFO [Catalina-utility-1] org.apache.catalina.startup.HostConfig.deployWAR Deploying web application archive [/home/bhlp0149/moodle_learning/tomcat-standalone/apache-tomcat-10.1.57/webapps/calc.war]
06-Aug-2026 12:29:59.614 INFO [Catalina-utility-1] org.apache.catalina.startup.HostConfig.deployWAR Deployment of web application archive [/home/bhlp0149/moodle_learning/tomcat-standalone/apache-tomcat-10.1.57/webapps/calc.war] has finished in [15] ms
06-Aug-2026 12:30:59.623 INFO [Catalina-utility-1] org.apache.catalina.startup.HostConfig.undeploy Undeploying context [/calc]
06-Aug-2026 12:30:59.627 INFO [Catalina-utility-1] org.apache.catalina.startup.HostConfig.undeploy Undeploying context [/mathstuff]
